<div class="test" loop="item of [item1(), 'item2']"></div>
