<p>hello .this is block content.
wow such. block


span no html render wow

ok thats all</p><div id="someid" class="wow">testing
 testing2</div><script>try{wow}catch{@2434ew}</script><p>.foo bar.</p><section><p>wow</p></section><section><script>class Wow {
  constructor () {
    super()
  }

  someMethod () {
    return true
  }
}
</script><div class="otherdiv">p</div></section>
